// Vitest Snapshot v1, https://vitest.dev/guide/snapshot.html

exports[`seeded shuffle characterization (pins pre-refactor output) > matching 1`] = `
[
  "p2,p0,p4,p5,p1,p3",
  "p1,p4,p5,p0,p3,p2",
  "p3,p2,p1,p0,p5,p4",
  "p4,p5,p3,p2,p1,p0",
  "p2,p4,p3,p5,p1,p0",
  "p4,p0,p5,p1,p2,p3",
]
`;

exports[`seeded shuffle characterization (pins pre-refactor output) > matching re-roll path 1`] = `
[
  "p2,p0,p1",
  "p2,p0,p1",
  "p2,p0,p1",
  "p2,p0,p1",
  "p2,p0,p1",
  "p1,p2,p0",
  "p2,p0,p1",
  "p2,p0,p1",
  "p1,p2,p0",
  "p2,p0,p1",
  "p2,p0,p1",
  "p2,p0,p1",
  "p1,p2,p0",
  "p1,p2,p0",
  "p1,p2,p0",
  "p1,p2,p0",
  "p1,p2,p0",
  "p2,p0,p1",
  "p1,p2,p0",
  "p2,p0,p1",
  "p1,p2,p0",
  "p2,p0,p1",
  "p2,p0,p1",
  "p2,p0,p1",
  "p1,p2,p0",
  "p1,p2,p0",
  "p1,p2,p0",
  "p1,p2,p0",
  "p1,p2,p0",
  "p2,p0,p1",
  "p1,p2,p0",
  "p1,p2,p0",
  "p1,p2,p0",
  "p2,p0,p1",
  "p2,p0,p1",
  "p2,p0,p1",
  "p1,p2,p0",
  "p2,p0,p1",
  "p1,p2,p0",
  "p1,p2,p0",
  "p2,p0,p1",
  "p1,p2,p0",
  "p2,p0,p1",
  "p1,p2,p0",
  "p1,p2,p0",
  "p2,p0,p1",
  "p2,p0,p1",
  "p2,p0,p1",
  "p2,p0,p1",
  "p1,p2,p0",
  "p2,p0,p1",
  "p1,p2,p0",
  "p1,p2,p0",
  "p1,p2,p0",
  "p2,p0,p1",
  "p2,p0,p1",
  "p1,p2,p0",
  "p2,p0,p1",
  "p1,p2,p0",
  "p1,p2,p0",
]
`;

exports[`seeded shuffle characterization (pins pre-refactor output) > order 1`] = `
[
  "i2,i0,i4,i5,i1,i3",
  "i0,i1,i5,i4,i2,i3",
  "i3,i2,i1,i0,i5,i4",
  "i5,i1,i2,i0,i3,i4",
  "i2,i4,i3,i5,i1,i0",
  "i0,i2,i1,i3,i5,i4",
]
`;

exports[`seeded shuffle characterization (pins pre-refactor output) > order re-roll path 1`] = `
[
  "i0,i2,i1",
  "i0,i2,i1",
  "i2,i0,i1",
  "i2,i0,i1",
  "i2,i0,i1",
  "i1,i2,i0",
  "i2,i1,i0",
  "i1,i0,i2",
  "i0,i2,i1",
  "i2,i0,i1",
  "i0,i2,i1",
  "i1,i0,i2",
  "i1,i2,i0",
  "i1,i2,i0",
  "i1,i2,i0",
  "i0,i2,i1",
  "i1,i2,i0",
  "i0,i2,i1",
  "i2,i1,i0",
  "i2,i0,i1",
  "i1,i2,i0",
  "i2,i1,i0",
  "i2,i1,i0",
  "i1,i0,i2",
  "i1,i0,i2",
  "i1,i2,i0",
  "i1,i2,i0",
  "i1,i2,i0",
  "i1,i0,i2",
  "i2,i1,i0",
  "i1,i0,i2",
  "i1,i2,i0",
  "i0,i2,i1",
  "i0,i2,i1",
  "i0,i2,i1",
  "i0,i2,i1",
  "i2,i1,i0",
  "i2,i0,i1",
  "i2,i1,i0",
  "i1,i2,i0",
  "i2,i0,i1",
  "i1,i0,i2",
  "i2,i0,i1",
  "i1,i2,i0",
  "i2,i1,i0",
  "i2,i0,i1",
  "i2,i0,i1",
  "i0,i2,i1",
  "i2,i0,i1",
  "i1,i2,i0",
  "i2,i0,i1",
  "i0,i2,i1",
  "i2,i1,i0",
  "i0,i2,i1",
  "i2,i0,i1",
  "i2,i0,i1",
  "i1,i0,i2",
  "i2,i0,i1",
  "i0,i2,i1",
  "i0,i2,i1",
]
`;

exports[`seeded shuffle characterization (pins pre-refactor output) > order without answer key 1`] = `
[
  "i2,i0,i4,i5,i1,i3",
  "i0,i1,i5,i4,i2,i3",
  "i3,i2,i1,i0,i5,i4",
  "i5,i1,i2,i0,i3,i4",
  "i2,i4,i3,i5,i1,i0",
  "i0,i2,i1,i3,i5,i4",
]
`;

exports[`seeded shuffle characterization (pins pre-refactor output) > team picker plain shuffle 1`] = `
[
  "p7,p0,p3,p6,p2,p5,p1,p4",
  "p0,p6,p1,p2,p5,p3,p7,p4",
  "p2,p0,p4,p3,p7,p1,p5,p6",
  "p1,p2,p6,p4,p3,p0,p7,p5",
  "p3,p4,p1,p6,p5,p7,p2,p0",
  "p1,p2,p0,p4,p3,p6,p7,p5",
]
`;
